com\library\entity\SysAdmin.class
com\library\controller\FineController.class
com\library\service\impl\SysAdminServiceImpl.class
com\library\config\BookInventoryConsistencyRunner.class
com\library\service\impl\ReaderServiceImpl.class
com\library\config\SecurityConfig.class
com\library\mapper\BookReviewMapper.class
com\library\controller\AnnouncementController.class
com\library\entity\ReaderType.class
com\library\security\JwtTokenProvider.class
com\library\service\BookReviewService.class
com\library\security\JwtAuthFilter.class
com\library\controller\FeedbackController.class
com\library\entity\SysConfig.class
com\library\controller\SysLogController.class
com\library\config\GlobalExceptionHandler.class
com\library\LibraryApplication.class
com\library\service\impl\ReportServiceImpl.class
com\library\service\impl\BookServiceImpl.class
com\library\mapper\SysLogMapper.class
com\library\controller\SeatController.class
com\library\config\MyBatisPlusConfig.class
com\library\entity\Reservation.class
com\library\service\impl\AnnouncementServiceImpl.class
com\library\mapper\SysAdminMapper.class
com\library\mapper\FeedbackMapper.class
com\library\mapper\BookCopyMapper.class
com\library\entity\BookTag.class
com\library\service\SysLogService.class
com\library\controller\SysConfigController.class
com\library\service\SysAdminService.class
com\library\security\LoginUser.class
com\library\mapper\ReaderTypeMapper.class
com\library\mapper\SeatMapper.class
com\library\entity\BookReview.class
com\library\common\Constants.class
com\library\entity\SeatReservation.class
com\library\controller\BookReviewController.class
com\library\security\UserDetailsServiceImpl.class
com\library\controller\ReaderController.class
com\library\service\impl\BookReviewServiceImpl.class
com\library\mapper\AnnouncementMapper.class
com\library\config\OperationLogInterceptor.class
com\library\controller\BookController.class
com\library\service\impl\SysConfigServiceImpl.class
com\library\controller\ReportController.class
com\library\service\FeedbackService.class
com\library\mapper\SysConfigMapper.class
com\library\entity\Seat.class
com\library\mapper\BookMapper.class
com\library\entity\Category.class
com\library\service\SysConfigService.class
com\library\common\PageResult.class
com\library\service\SeatService.class
com\library\service\impl\SysLogServiceImpl.class
com\library\entity\Announcement.class
com\library\service\impl\FeedbackServiceImpl.class
com\library\config\CorsConfig.class
com\library\common\BaseEntity.class
com\library\mapper\BookTagMapper.class
com\library\entity\SysLog.class
com\library\entity\FineRecord.class
com\library\service\BookService.class
com\library\service\ReaderAuthService.class
com\library\service\impl\SeatServiceImpl.class
com\library\service\impl\ReaderAuthServiceImpl.class
com\library\mapper\ReservationMapper.class
com\library\entity\Feedback.class
com\library\service\ReaderService.class
com\library\service\impl\BorrowServiceImpl.class
com\library\service\BorrowService.class
com\library\common\Result.class
com\library\config\MyBatisPlusConfig$1.class
com\library\mapper\SeatReservationMapper.class
com\library\mapper\BorrowRecordMapper.class
com\library\service\AnnouncementService.class
com\library\config\DatabaseMigrationRunner.class
com\library\entity\Book.class
com\library\entity\SysRole.class
com\library\mapper\CategoryMapper.class
com\library\mapper\ReaderMapper.class
com\library\service\impl\FineServiceImpl.class
com\library\controller\BorrowController.class
com\library\mapper\FineRecordMapper.class
com\library\entity\Reader.class
com\library\controller\AuthController.class
com\library\entity\BorrowRecord.class
com\library\service\FineService.class
com\library\entity\BookCopy.class
com\library\config\WebMvcConfig.class
com\library\service\ReportService.class
com\library\mapper\SysRoleMapper.class
