E:\Java课设\图书馆管理系统\src\main\java\com\library\mapper\ReaderMapper.java
E:\Java课设\图书馆管理系统\src\main\java\com\library\entity\Reader.java
E:\Java课设\图书馆管理系统\src\main\java\com\library\service\SysConfigService.java
E:\Java课设\图书馆管理系统\src\main\java\com\library\mapper\BookTagMapper.java
E:\Java课设\图书馆管理系统\src\main\java\com\library\entity\Reservation.java
E:\Java课设\图书馆管理系统\src\main\java\com\library\service\FineService.java
E:\Java课设\图书馆管理系统\src\main\java\com\library\service\impl\SysLogServiceImpl.java
E:\Java课设\图书馆管理系统\src\main\java\com\library\mapper\SysConfigMapper.java
E:\Java课设\图书馆管理系统\src\main\java\com\library\service\impl\BookReviewServiceImpl.java
E:\Java课设\图书馆管理系统\src\main\java\com\library\entity\Seat.java
E:\Java课设\图书馆管理系统\src\main\java\com\library\config\SecurityConfig.java
E:\Java课设\图书馆管理系统\src\main\java\com\library\service\SysLogService.java
E:\Java课设\图书馆管理系统\src\main\java\com\library\service\impl\BorrowServiceImpl.java
E:\Java课设\图书馆管理系统\src\main\java\com\library\service\impl\FineServiceImpl.java
E:\Java课设\图书馆管理系统\src\main\java\com\library\service\impl\ReaderServiceImpl.java
E:\Java课设\图书馆管理系统\src\main\java\com\library\config\CorsConfig.java
E:\Java课设\图书馆管理系统\src\main\java\com\library\service\AnnouncementService.java
E:\Java课设\图书馆管理系统\src\main\java\com\library\entity\BookCopy.java
E:\Java课设\图书馆管理系统\src\main\java\com\library\mapper\SeatReservationMapper.java
E:\Java课设\图书馆管理系统\src\main\java\com\library\service\BookReviewService.java
E:\Java课设\图书馆管理系统\src\main\java\com\library\mapper\FineRecordMapper.java
E:\Java课设\图书馆管理系统\src\main\java\com\library\service\impl\SysConfigServiceImpl.java
E:\Java课设\图书馆管理系统\src\main\java\com\library\mapper\SysRoleMapper.java
E:\Java课设\图书馆管理系统\src\main\java\com\library\service\impl\FeedbackServiceImpl.java
E:\Java课设\图书馆管理系统\src\main\java\com\library\common\PageResult.java
E:\Java课设\图书馆管理系统\src\main\java\com\library\controller\ReaderController.java
E:\Java课设\图书馆管理系统\src\main\java\com\library\mapper\SysLogMapper.java
E:\Java课设\图书馆管理系统\src\main\java\com\library\config\DatabaseMigrationRunner.java
E:\Java课设\图书馆管理系统\src\main\java\com\library\service\ReportService.java
E:\Java课设\图书馆管理系统\src\main\java\com\library\common\Constants.java
E:\Java课设\图书馆管理系统\src\main\java\com\library\entity\BookReview.java
E:\Java课设\图书馆管理系统\src\main\java\com\library\service\impl\ReportServiceImpl.java
E:\Java课设\图书馆管理系统\src\main\java\com\library\controller\SeatController.java
E:\Java课设\图书馆管理系统\src\main\java\com\library\LibraryApplication.java
E:\Java课设\图书馆管理系统\src\main\java\com\library\entity\Category.java
E:\Java课设\图书馆管理系统\src\main\java\com\library\service\impl\ReaderAuthServiceImpl.java
E:\Java课设\图书馆管理系统\src\main\java\com\library\service\BookService.java
E:\Java课设\图书馆管理系统\src\main\java\com\library\entity\SysConfig.java
E:\Java课设\图书馆管理系统\src\main\java\com\library\controller\BookController.java
E:\Java课设\图书馆管理系统\src\main\java\com\library\controller\SysConfigController.java
E:\Java课设\图书馆管理系统\src\main\java\com\library\controller\SysLogController.java
E:\Java课设\图书馆管理系统\src\main\java\com\library\entity\BookTag.java
E:\Java课设\图书馆管理系统\src\main\java\com\library\common\Result.java
E:\Java课设\图书馆管理系统\src\main\java\com\library\config\WebMvcConfig.java
E:\Java课设\图书馆管理系统\src\main\java\com\library\controller\BorrowController.java
E:\Java课设\图书馆管理系统\src\main\java\com\library\config\BookInventoryConsistencyRunner.java
E:\Java课设\图书馆管理系统\src\main\java\com\library\service\impl\AnnouncementServiceImpl.java
E:\Java课设\图书馆管理系统\src\main\java\com\library\controller\AnnouncementController.java
E:\Java课设\图书馆管理系统\src\main\java\com\library\security\JwtTokenProvider.java
E:\Java课设\图书馆管理系统\src\main\java\com\library\mapper\ReaderTypeMapper.java
E:\Java课设\图书馆管理系统\src\main\java\com\library\security\JwtAuthFilter.java
E:\Java课设\图书馆管理系统\src\main\java\com\library\service\SysAdminService.java
E:\Java课设\图书馆管理系统\src\main\java\com\library\mapper\ReservationMapper.java
E:\Java课设\图书馆管理系统\src\main\java\com\library\entity\ReaderType.java
E:\Java课设\图书馆管理系统\src\main\java\com\library\security\LoginUser.java
E:\Java课设\图书馆管理系统\src\main\java\com\library\mapper\SysAdminMapper.java
E:\Java课设\图书馆管理系统\src\main\java\com\library\controller\BookReviewController.java
E:\Java课设\图书馆管理系统\src\main\java\com\library\entity\SysLog.java
E:\Java课设\图书馆管理系统\src\main\java\com\library\mapper\BookReviewMapper.java
E:\Java课设\图书馆管理系统\src\main\java\com\library\entity\FineRecord.java
E:\Java课设\图书馆管理系统\src\main\java\com\library\controller\ReportController.java
E:\Java课设\图书馆管理系统\src\main\java\com\library\service\FeedbackService.java
E:\Java课设\图书馆管理系统\src\main\java\com\library\common\BaseEntity.java
E:\Java课设\图书馆管理系统\src\main\java\com\library\service\impl\SeatServiceImpl.java
E:\Java课设\图书馆管理系统\src\main\java\com\library\entity\Feedback.java
E:\Java课设\图书馆管理系统\src\main\java\com\library\entity\SeatReservation.java
E:\Java课设\图书馆管理系统\src\main\java\com\library\entity\SysRole.java
E:\Java课设\图书馆管理系统\src\main\java\com\library\service\BorrowService.java
E:\Java课设\图书馆管理系统\src\main\java\com\library\service\impl\BookServiceImpl.java
E:\Java课设\图书馆管理系统\src\main\java\com\library\mapper\CategoryMapper.java
E:\Java课设\图书馆管理系统\src\main\java\com\library\entity\BorrowRecord.java
E:\Java课设\图书馆管理系统\src\main\java\com\library\config\MyBatisPlusConfig.java
E:\Java课设\图书馆管理系统\src\main\java\com\library\controller\FeedbackController.java
E:\Java课设\图书馆管理系统\src\main\java\com\library\entity\SysAdmin.java
E:\Java课设\图书馆管理系统\src\main\java\com\library\mapper\AnnouncementMapper.java
E:\Java课设\图书馆管理系统\src\main\java\com\library\mapper\BookCopyMapper.java
E:\Java课设\图书馆管理系统\src\main\java\com\library\mapper\BorrowRecordMapper.java
E:\Java课设\图书馆管理系统\src\main\java\com\library\security\UserDetailsServiceImpl.java
E:\Java课设\图书馆管理系统\src\main\java\com\library\mapper\FeedbackMapper.java
E:\Java课设\图书馆管理系统\src\main\java\com\library\config\OperationLogInterceptor.java
E:\Java课设\图书馆管理系统\src\main\java\com\library\entity\Book.java
E:\Java课设\图书馆管理系统\src\main\java\com\library\service\impl\SysAdminServiceImpl.java
E:\Java课设\图书馆管理系统\src\main\java\com\library\mapper\SeatMapper.java
E:\Java课设\图书馆管理系统\src\main\java\com\library\service\SeatService.java
E:\Java课设\图书馆管理系统\src\main\java\com\library\mapper\BookMapper.java
E:\Java课设\图书馆管理系统\src\main\java\com\library\controller\AuthController.java
E:\Java课设\图书馆管理系统\src\main\java\com\library\controller\FineController.java
E:\Java课设\图书馆管理系统\src\main\java\com\library\entity\Announcement.java
E:\Java课设\图书馆管理系统\src\main\java\com\library\service\ReaderAuthService.java
E:\Java课设\图书馆管理系统\src\main\java\com\library\service\ReaderService.java
E:\Java课设\图书馆管理系统\src\main\java\com\library\config\GlobalExceptionHandler.java
